16      ./hog/b.txt
4       ./hog/a.txt
0       ./hog/c.txt