├── 7z
│   ├── peaky-blinders-ringtone-549 (1).mp3
│   └── sample-5.psd
├── sample
│   └── iphone-7-leaked-2017-ringtone-852 (1).mp4
├── sample.7z
├── sample.rar
├── sample.tar
├── sample.zip
├── tar
│   ├── sample-1.tiff
│   ├── sample-4.jpg
│   ├── sample-5 (1).gif
│   └── sample-5.jpg
└── zip
├── sample-4.bmp
├── sample-5.eps
└── sample-5.svg

5 directories, 14 files
