ascii_file
iHFb6s5R755Q326Y6WLGhs3.bar
mixed_.foo
name_with_whitespaces
not_valid
valid
用中文命名